// Vitest Snapshot v1, https://vitest.dev/guide/snapshot.html

exports[`route registration order > matches the pinned table 1`] = `
[
  "USE /^\\/?(?=\\/|$)/i (query)",
  "USE /^\\/?(?=\\/|$)/i (expressInit)",
  "USE /^\\/?(?=\\/|$)/i (jsonParser)",
  "USE /^\\/?(?=\\/|$)/i (urlencodedParser)",
  "USE /^\\/api\\/?(?=\\/|$)/i (<anonymous>)",
  "POST /api/collections",
  "GET /api/admin/collections",
  "GET /api/admin/whoami",
  "POST /api/admin/collections/:id/custom",
  "PATCH /api/admin/collections/:id",
  "GET /api/admin/playbook",
  "POST /api/admin/playbook",
  "PATCH /api/admin/playbook/:id",
  "DELETE /api/admin/playbook/:id",
  "GET /api/admin/designs",
  "POST /api/admin/collections/:id/generate",
  "GET /api/admin/collections/:id/pdf",
  "DELETE /api/admin/collections/:id/production",
  "GET /api/admin/collections/:id/board",
  "GET /api/admin/collections/:id/proof",
  "GET /api/admin/collections/:id/press",
  "GET /api/collections/:id/pdf",
  "GET /api/collections/:id/board",
  "GET /api/collections/:id/proof",
  "GET /api/collections/:id/proof/:n",
  "POST /api/collections/:id/produce",
  "GET /api/collections/:id/produce",
  "POST /api/admin/collections/:id/release",
  "POST /api/admin/collections/:id/to-print",
  "GET /api/admin/stickers",
  "GET /api/admin/pickup-stickers",
  "GET /api/admin/stock",
  "PUT /api/admin/stock",
  "POST /api/admin/collections/:id/ready",
  "GET /api/admin/orders/ready-batch",
  "POST /api/admin/orders/ready-batch",
  "GET /api/admin/hfd/status",
  "POST /api/admin/collections/:id/hfd",
  "GET /api/admin/collections/:id/hfd/label",
  "DELETE /api/admin/collections/:id/hfd",
  "POST /api/admin/collections/:id/cancel",
  "POST /api/admin/collections/:id/reopen",
  "DELETE /api/admin/collections/:id",
  "GET /api/admin/coupons",
  "POST /api/admin/coupons",
  "POST /api/admin/coupons/:id/max-uses",
  "POST /api/admin/coupons/:id/partner",
  "GET /api/admin/coupons/:id/report",
  "POST /api/admin/coupons/:id/payouts",
  "DELETE /api/admin/coupons/:id/payouts/:payoutId",
  "POST /api/admin/coupons/:id/rotate-token",
  "GET /api/partner/:token",
  "POST /api/admin/coupons/:id",
  "DELETE /api/admin/coupons/:id",
  "GET /api/admin/design-codes",
  "POST /api/admin/design-codes",
  "POST /api/admin/design-codes/:id",
  "DELETE /api/admin/design-codes/:id",
  "POST /api/design-code/validate",
  "POST /api/collections/:id/coupon/validate",
  "POST /api/collections/:id/pawns",
  "PUT /api/collections/:id/pawns",
  "PUT /api/collections/:id/pawn-view",
  "PUT /api/collections/:id/players",
  "POST /api/collections/:id/pawn-cut",
  "GET /api/collections/:id/pawn-card",
  "GET /api/pawn-base",
  "GET /api/wordlist-options",
  "GET /api/wordlist-preview",
  "PUT /api/collections/:id/wordlist",
  "PUT /api/collections/:id/title",
  "POST /api/admin/collections/:id/pawns",
  "PUT /api/admin/collections/:id/pawns",
  "GET /vendor/:dir/:file",
  "POST /api/preview",
  "GET /api/collections/:id",
  "GET /api/collections/:id/summary",
  "POST /api/collections/:id/words",
  "POST /api/collections/:id/close",
  "POST /api/collections/:id/order",
  "DELETE /api/collections/:id/words/:wordId",
  "PATCH /api/collections/:id/words/:wordId",
  "POST /api/collections/:id/pay/cancel",
  "POST /api/collections/:id/pay/init",
  "POST /api/collections/:id/shipping/init",
  "POST /api/payment/callback",
  "POST /api/payment/tranzila/notify",
  "POST /pay-done.html",
  "GET /.well-known/apple-developer-merchantid-domain-association",
  "POST /api/admin/templates",
  "POST /api/admin/templates/create",
  "GET /api/admin/templates",
  "POST /api/admin/templates/:key/rename",
  "POST /api/admin/templates/:key/settings",
  "DELETE /api/admin/templates/:key",
  "POST /api/admin/templates/:key/assets/:role",
  "POST /api/admin/templates/:key/typefit",
  "GET /api/admin/templates/:key/entry",
  "GET /api/admin/templates/:key/assets/:role",
  "DELETE /api/admin/templates/:key/assets/:role",
  "GET /api/admin/wordlists",
  "GET /api/admin/wordlists/:name",
  "POST /api/admin/wordlists",
  "PUT /api/admin/wordlists/:name",
  "POST /api/admin/wordlists/:name/revert",
  "POST /api/admin/wordlists/:name/rename",
  "DELETE /api/admin/wordlists/:name",
  "POST /api/admin/templates/:key/redetect",
  "GET /api/admin/templates/:key/redetect",
  "POST /api/admin/templates/:key/revert",
  "GET /api/unsubscribe/status",
  "POST /api/unsubscribe",
  "POST /api/resubscribe",
  "GET /api/admin/unsubscribed",
  "POST /api/admin/unsubscribed",
  "GET /api/sms/outbox",
  "POST /api/sms/outbox/:id/ack",
  "GET /api/sms/outbox/:id/ack",
  "POST /api/sms/outbox/ack-taken",
  "GET /api/sms/outbox/ack-taken",
  "GET /api/admin/sms",
  "GET /api/content",
  "GET /api/design-names",
  "GET /api/custom-designs",
  "GET /api/template-asset/:slug/:name",
  "GET /api/admin/templates/:key/asset-svg/:role",
  "GET /api/template-image/:slug/:slot",
  "GET /content-uploads/:name",
  "POST /api/admin/content",
  "DELETE /api/admin/content",
  "POST /api/admin/content/image",
  "POST /api/admin/content/photos",
  "PUT /api/admin/content/photos",
  "POST /api/admin/promo/image",
  "GET /api/design-images",
  "GET /design-img/:rev/:w/:name",
  "GET /design-thumb/:name",
  "POST /api/admin/design-images/base/image",
  "POST /api/admin/design-images/photo",
  "DELETE /api/admin/design-images/base",
  "POST /api/admin/design-images/base/flags",
  "POST /api/admin/design-images/photo/update",
  "DELETE /api/admin/design-images/photo",
  "POST /api/admin/design-images/order",
  "GET /api/admin/photo-fallback",
  "GET /api/admin/photo-fallback/default/:slot",
  "POST /api/admin/photo-fallback",
  "DELETE /api/admin/photo-fallback",
  "GET /api/stats/orders",
  "GET /api/admin/content/all",
  "POST /api/admin/content/import-from-staging",
  "GET /api/admin/stores/export",
  "POST /api/admin/stores/import-from-staging",
  "GET /api/admin/templates/export",
  "GET /api/admin/templates/export/file",
  "POST /api/admin/templates/import-from-staging",
  "POST /api/track",
  "GET /api/admin/meta-capi/status",
  "GET /api/admin/ads/meta",
  "POST /api/admin/meta-capi/retry",
  "GET /api/admin/ads",
  "GET /api/admin/ads/live",
  "POST /api/admin/ads/hidden",
  "GET /api/admin/settings",
  "POST /api/admin/settings",
  "DELETE /api/admin/settings",
  "POST /api/whatsapp/webhook",
  "GET /api/whatsapp/status",
  "POST /api/admin/whatsapp/guard/clear",
  "GET /api/whatsapp/health",
  "GET /api/admin/message-preview",
  "GET /api/admin/message-preview/:channel/:id",
  "POST /api/admin/message-preview/:channel/:id",
  "GET /api/admin/whatsapp/groups",
  "POST /api/admin/whatsapp/groups/:cid/open",
  "GET /api/admin/whatsapp/groups/:cid/invite",
  "GET /api/features",
  "GET /api/pricing",
  "GET /api/delivery-exceptions",
  "GET /api/faq",
  "GET /api/promo",
  "USE /^\\/api\\/?(?=\\/|$)/i (<anonymous>)",
  "GET /^\\/(?:js|css|assets\\/fonts)\\/.+\\.[0-9a-f]{8}\\.(?:m?js|css)$/",
  "USE /^\\/?(?=\\/|$)/i (<anonymous>)",
  "USE /^\\/?(?=\\/|$)/i (serveStatic)",
  "GET *",
  "USE /^\\/?(?=\\/|$)/i (<anonymous>)",
]
`;
